../source/dron_application.c:79:6:PORTA_IRQHandler	8	static
../source/dron_application.c:85:6:PORTC_IRQHandler	8	static
../source/dron_application.c:94:13:mqtt_topic_subscribed_cb	24	static
../source/dron_application.c:111:13:mqtt_incoming_publish_cb	24	static
../source/dron_application.c:121:13:mqtt_incoming_data_cb	32	static
../source/dron_application.c:168:13:mqtt_subscribe_topics	48	static
../source/dron_application.c:196:13:mqtt_connection_cb	32	static
../source/dron_application.c:242:13:connect_to_mqtt	24	static
../source/dron_application.c:255:13:mqtt_message_published_cb	24	static
../source/dron_application.c:272:13:publish_message	48	static
../source/dron_application.c:287:13:publish_alert	48	static
../source/dron_application.c:309:13:publish_status	48	static
../source/dron_application.c:340:13:app_thread	32	static
../source/dron_application.c:428:13:generate_client_id	48	static
../source/dron_application.c:451:6:stack_init	56	static
